Publishing Kindergarten · Letter Sounds → Generated Language Worksheets/Kindergarten/Letter Sounds
  · 1. The Letter Aa
      created: Letter and Sound - Aa.pdf
      hygiene: 1 file(s) — OK
      (manifest publish-stage note: [Errno 2] No such file or directory: '/Users/anthonnymonterroso/Desktop/TCE/wg-language/language/k_letter_sounds/01_a-apple/manifest.json')
  · 2. The Letter Tt
      created: Letter and Sound - Tt.pdf
      hygiene: 1 file(s) — OK
      (manifest publish-stage note: [Errno 2] No such file or directory: '/Users/anthonnymonterroso/Desktop/TCE/wg-language/language/k_letter_sounds/02_t-turtle/manifest.json')
  · 3. The Letter Ss
      created: Letter and Sound - Ss.pdf
      hygiene: 1 file(s) — OK
      (manifest publish-stage note: [Errno 2] No such file or directory: '/Users/anthonnymonterroso/Desktop/TCE/wg-language/language/k_letter_sounds/03_s-sock/manifest.json')
  · 4. The Letter Ii
      created: Letter and Sound - Ii.pdf
      hygiene: 1 file(s) — OK
      (manifest publish-stage note: [Errno 2] No such file or directory: '/Users/anthonnymonterroso/Desktop/TCE/wg-language/language/k_letter_sounds/04_i-itchy/manifest.json')
  · 5. The Letter Pp
      created: Letter and Sound - Pp.pdf
      hygiene: 1 file(s) — OK
      (manifest publish-stage note: [Errno 2] No such file or directory: '/Users/anthonnymonterroso/Desktop/TCE/wg-language/language/k_letter_sounds/05_p-pig/manifest.json')
  · 6. The Letter Mm
      created: Letter and Sound - Mm.pdf
      hygiene: 1 file(s) — OK
      (manifest publish-stage note: [Errno 2] No such file or directory: '/Users/anthonnymonterroso/Desktop/TCE/wg-language/language/k_letter_sounds/06_m-mouse/manifest.json')
  · 7. The Letter Ff
      created: Letter and Sound - Ff.pdf
      hygiene: 1 file(s) — OK
      (manifest publish-stage note: [Errno 2] No such file or directory: '/Users/anthonnymonterroso/Desktop/TCE/wg-language/language/k_letter_sounds/07_f-fan/manifest.json')
  · 8. The Letter Ee
      created: Letter and Sound - Ee.pdf
      hygiene: 1 file(s) — OK
      (manifest publish-stage note: [Errno 2] No such file or directory: '/Users/anthonnymonterroso/Desktop/TCE/wg-language/language/k_letter_sounds/08_e-elephant/manifest.json')
  · 9. The Letter Dd
      created: Letter and Sound - Dd.pdf
      hygiene: 1 file(s) — OK
      (manifest publish-stage note: [Errno 2] No such file or directory: '/Users/anthonnymonterroso/Desktop/TCE/wg-language/language/k_letter_sounds/09_d-dog/manifest.json')
  · 10. The Letter Nn
      created: Letter and Sound - Nn.pdf
      hygiene: 1 file(s) — OK
      (manifest publish-stage note: [Errno 2] No such file or directory: '/Users/anthonnymonterroso/Desktop/TCE/wg-language/language/k_letter_sounds/10_n-nest/manifest.json')
  · 11. The Letter Oo
      created: Letter and Sound - Oo.pdf
      hygiene: 1 file(s) — OK
      (manifest publish-stage note: [Errno 2] No such file or directory: '/Users/anthonnymonterroso/Desktop/TCE/wg-language/language/k_letter_sounds/11_o-octopus/manifest.json')
  · 12. The Letter Cc
      created: Letter and Sound - Cc.pdf
      hygiene: 1 file(s) — OK
      (manifest publish-stage note: [Errno 2] No such file or directory: '/Users/anthonnymonterroso/Desktop/TCE/wg-language/language/k_letter_sounds/12_c-cat/manifest.json')
  · 13. The Letter Gg
      created: Letter and Sound - Gg.pdf
      hygiene: 1 file(s) — OK
      (manifest publish-stage note: [Errno 2] No such file or directory: '/Users/anthonnymonterroso/Desktop/TCE/wg-language/language/k_letter_sounds/13_g-gift/manifest.json')
  · 14. The Letter Kk
      created: Letter and Sound - Kk.pdf
      hygiene: 1 file(s) — OK
      (manifest publish-stage note: [Errno 2] No such file or directory: '/Users/anthonnymonterroso/Desktop/TCE/wg-language/language/k_letter_sounds/14_k-key/manifest.json')
  · 15. The Letter Bb
      created: Letter and Sound - Bb.pdf
      hygiene: 1 file(s) — OK
      (manifest publish-stage note: [Errno 2] No such file or directory: '/Users/anthonnymonterroso/Desktop/TCE/wg-language/language/k_letter_sounds/15_b-bus/manifest.json')
  · 16. The Letter Hh
      created: Letter and Sound - Hh.pdf
      hygiene: 1 file(s) — OK
      (manifest publish-stage note: [Errno 2] No such file or directory: '/Users/anthonnymonterroso/Desktop/TCE/wg-language/language/k_letter_sounds/16_h-horse/manifest.json')
  · 17. The Letter Rr
      created: Letter and Sound - Rr.pdf
      hygiene: 1 file(s) — OK
      (manifest publish-stage note: [Errno 2] No such file or directory: '/Users/anthonnymonterroso/Desktop/TCE/wg-language/language/k_letter_sounds/17_r-run/manifest.json')
  · 18. The Letter Ll
      created: Letter and Sound - Ll.pdf
      hygiene: 1 file(s) — OK
      (manifest publish-stage note: [Errno 2] No such file or directory: '/Users/anthonnymonterroso/Desktop/TCE/wg-language/language/k_letter_sounds/18_l-leaf/manifest.json')
  · 19. The Letter Uu
      created: Letter and Sound - Uu.pdf
      hygiene: 1 file(s) — OK
      (manifest publish-stage note: [Errno 2] No such file or directory: '/Users/anthonnymonterroso/Desktop/TCE/wg-language/language/k_letter_sounds/19_u-umbrella/manifest.json')
  · 20. The Letter Vv
      created: Letter and Sound - Vv.pdf
      hygiene: 1 file(s) — OK
      (manifest publish-stage note: [Errno 2] No such file or directory: '/Users/anthonnymonterroso/Desktop/TCE/wg-language/language/k_letter_sounds/20_v-violin/manifest.json')
  · 21. The Letter Ww
      created: Letter and Sound - Ww.pdf
      hygiene: 1 file(s) — OK
      (manifest publish-stage note: [Errno 2] No such file or directory: '/Users/anthonnymonterroso/Desktop/TCE/wg-language/language/k_letter_sounds/21_w-wagon/manifest.json')
  · 22. The Letter Jj
      created: Letter and Sound - Jj.pdf
      hygiene: 1 file(s) — OK
      (manifest publish-stage note: [Errno 2] No such file or directory: '/Users/anthonnymonterroso/Desktop/TCE/wg-language/language/k_letter_sounds/22_j-jar/manifest.json')
  · 23. The Letter Yy
      created: Letter and Sound - Yy.pdf
      hygiene: 1 file(s) — OK
      (manifest publish-stage note: [Errno 2] No such file or directory: '/Users/anthonnymonterroso/Desktop/TCE/wg-language/language/k_letter_sounds/23_y-yellow/manifest.json')
  · 24. The Letter Xx
      created: Letter and Sound - Xx.pdf
      hygiene: 1 file(s) — OK
      (manifest publish-stage note: [Errno 2] No such file or directory: '/Users/anthonnymonterroso/Desktop/TCE/wg-language/language/k_letter_sounds/24_x-fox/manifest.json')

PUBLISH complete: 24 topic(s), 24 combined PDF(s)
Publishing Kindergarten · First Digraphs → Generated Language Worksheets/Kindergarten/First Digraphs
  · 1. qu — I Can Read Sentences
      created: I Can Read Sentences - qu.pdf
      hygiene: 1 file(s) — OK
      (manifest publish-stage note: [Errno 2] No such file or directory: '/Users/anthonnymonterroso/Desktop/TCE/wg-language/language/k_digraphs/01_qu-question/manifest.json')
  · 2. z — I Can Read Sentences
      created: I Can Read Sentences - z.pdf
      hygiene: 1 file(s) — OK
      (manifest publish-stage note: [Errno 2] No such file or directory: '/Users/anthonnymonterroso/Desktop/TCE/wg-language/language/k_digraphs/02_z-zebra/manifest.json')
  · 3. ng — I Can Read Sentences
      created: I Can Read Sentences - ng.pdf
      hygiene: 1 file(s) — OK
      (manifest publish-stage note: [Errno 2] No such file or directory: '/Users/anthonnymonterroso/Desktop/TCE/wg-language/language/k_digraphs/03_ng-swing/manifest.json')
  · 4. sh — I Can Read Sentences
      created: I Can Read Sentences - sh.pdf
      hygiene: 1 file(s) — OK
      (manifest publish-stage note: [Errno 2] No such file or directory: '/Users/anthonnymonterroso/Desktop/TCE/wg-language/language/k_digraphs/04_sh-sheep/manifest.json')
  · 5. ch — I Can Read Sentences
      created: I Can Read Sentences - ch.pdf
      hygiene: 1 file(s) — OK
      (manifest publish-stage note: [Errno 2] No such file or directory: '/Users/anthonnymonterroso/Desktop/TCE/wg-language/language/k_digraphs/05_ch-chips/manifest.json')
  · 6. ck — I Can Read Sentences
      created: I Can Read Sentences - ck.pdf
      hygiene: 1 file(s) — OK
      (manifest publish-stage note: [Errno 2] No such file or directory: '/Users/anthonnymonterroso/Desktop/TCE/wg-language/language/k_digraphs/06_ck-rock/manifest.json')
  · 7. th — I Can Read Sentences
      created: I Can Read Sentences - th.pdf
      hygiene: 1 file(s) — OK
      (manifest publish-stage note: [Errno 2] No such file or directory: '/Users/anthonnymonterroso/Desktop/TCE/wg-language/language/k_digraphs/07_th-thumb/manifest.json')
  · 8. th — I Can Read Sentences
      created: I Can Read Sentences - th.pdf
      hygiene: 1 file(s) — OK
      (manifest publish-stage note: [Errno 2] No such file or directory: '/Users/anthonnymonterroso/Desktop/TCE/wg-language/language/k_digraphs/08_th-feather/manifest.json')
  · 9. wh — I Can Read Sentences
      created: I Can Read Sentences - wh.pdf
      hygiene: 1 file(s) — OK
      (manifest publish-stage note: [Errno 2] No such file or directory: '/Users/anthonnymonterroso/Desktop/TCE/wg-language/language/k_digraphs/09_wh-white/manifest.json')

PUBLISH complete: 9 topic(s), 9 combined PDF(s)
Publishing Grade 1 · Doubles, Blends & Patterns → Generated Language Worksheets/Grade 1/Doubles, Blends & Patterns
  · 1. ff — I Can Read Sentences
      created: I Can Read Sentences - ff.pdf
      hygiene: 1 file(s) — OK
      (manifest publish-stage note: [Errno 2] No such file or directory: '/Users/anthonnymonterroso/Desktop/TCE/wg-language/language/g1_doubles_blends/01_ff-cliff/manifest.json')
  · 2. ll — I Can Read Sentences
      created: I Can Read Sentences - ll.pdf
      hygiene: 1 file(s) — OK
      (manifest publish-stage note: [Errno 2] No such file or directory: '/Users/anthonnymonterroso/Desktop/TCE/wg-language/language/g1_doubles_blends/02_ll-doll/manifest.json')
  · 3. ss — I Can Read Sentences
      created: I Can Read Sentences - ss.pdf
      hygiene: 1 file(s) — OK
      (manifest publish-stage note: [Errno 2] No such file or directory: '/Users/anthonnymonterroso/Desktop/TCE/wg-language/language/g1_doubles_blends/03_ss-glass/manifest.json')
  · 4. zz — I Can Read Sentences
      created: I Can Read Sentences - zz.pdf
      hygiene: 1 file(s) — OK
      (manifest publish-stage note: [Errno 2] No such file or directory: '/Users/anthonnymonterroso/Desktop/TCE/wg-language/language/g1_doubles_blends/04_zz-buzz/manifest.json')
  · 5. s — I Can Read Sentences
      created: I Can Read Sentences - s.pdf
      hygiene: 1 file(s) — OK
      (manifest publish-stage note: [Errno 2] No such file or directory: '/Users/anthonnymonterroso/Desktop/TCE/wg-language/language/g1_doubles_blends/05_s-pins/manifest.json')
  · 6. all — I Can Read Sentences
      created: I Can Read Sentences - all.pdf
      hygiene: 1 file(s) — OK
      (manifest publish-stage note: [Errno 2] No such file or directory: '/Users/anthonnymonterroso/Desktop/TCE/wg-language/language/g1_doubles_blends/06_all-wall/manifest.json')
  · 7. oll — I Can Read Sentences
      created: I Can Read Sentences - oll.pdf
      hygiene: 1 file(s) — OK
      (manifest publish-stage note: [Errno 2] No such file or directory: '/Users/anthonnymonterroso/Desktop/TCE/wg-language/language/g1_doubles_blends/07_oll-troll/manifest.json')
  · 8. ull — I Can Read Sentences
      created: I Can Read Sentences - ull.pdf
      hygiene: 1 file(s) — OK
      (manifest publish-stage note: [Errno 2] No such file or directory: '/Users/anthonnymonterroso/Desktop/TCE/wg-language/language/g1_doubles_blends/08_ull-full/manifest.json')
  · 9. nk — I Can Read Sentences
      created: I Can Read Sentences - nk.pdf
      hygiene: 1 file(s) — OK
      (manifest publish-stage note: [Errno 2] No such file or directory: '/Users/anthonnymonterroso/Desktop/TCE/wg-language/language/g1_doubles_blends/09_nk-sink/manifest.json')

PUBLISH complete: 9 topic(s), 9 combined PDF(s)
Publishing Grade 1 · Long Vowels & Magic-e → Generated Language Worksheets/Grade 1/Long Vowels & Magic-e
  · 6. a_e — I Can Read Sentences
      created: I Can Read Sentences - a-e.pdf
      hygiene: 1 file(s) — OK
      (manifest publish-stage note: [Errno 2] No such file or directory: '/Users/anthonnymonterroso/Desktop/TCE/wg-language/language/g1_long_vowels_vce/06_a-e-cake/manifest.json')
  · 7. i_e — I Can Read Sentences
      created: I Can Read Sentences - i-e.pdf
      hygiene: 1 file(s) — OK
      (manifest publish-stage note: [Errno 2] No such file or directory: '/Users/anthonnymonterroso/Desktop/TCE/wg-language/language/g1_long_vowels_vce/07_i-e-ice/manifest.json')
  · 8. o_e — I Can Read Sentences
      created: I Can Read Sentences - o-e.pdf
      hygiene: 1 file(s) — OK
      (manifest publish-stage note: [Errno 2] No such file or directory: '/Users/anthonnymonterroso/Desktop/TCE/wg-language/language/g1_long_vowels_vce/08_o-e-nose/manifest.json')
  · 9. e_e — I Can Read Sentences
      created: I Can Read Sentences - e-e.pdf
      hygiene: 1 file(s) — OK
      (manifest publish-stage note: [Errno 2] No such file or directory: '/Users/anthonnymonterroso/Desktop/TCE/wg-language/language/g1_long_vowels_vce/09_e-e-eve/manifest.json')
  · 10. u_e — I Can Read Sentences
      created: I Can Read Sentences - u-e.pdf
      hygiene: 1 file(s) — OK
      (manifest publish-stage note: [Errno 2] No such file or directory: '/Users/anthonnymonterroso/Desktop/TCE/wg-language/language/g1_long_vowels_vce/10_u-e-cube/manifest.json')

PUBLISH complete: 5 topic(s), 5 combined PDF(s)
Publishing Grade 1 · Vowel Teams → Generated Language Worksheets/Grade 1/Vowel Teams
  · 1. -le — I Can Read Sentences
      created: I Can Read Sentences - le.pdf
      hygiene: 1 file(s) — OK
      (manifest publish-stage note: [Errno 2] No such file or directory: '/Users/anthonnymonterroso/Desktop/TCE/wg-language/language/g1_vowel_teams/01_le-uncle/manifest.json')
  · 2. y — I Can Read Sentences
      created: I Can Read Sentences - y.pdf
      hygiene: 1 file(s) — OK
      (manifest publish-stage note: [Errno 2] No such file or directory: '/Users/anthonnymonterroso/Desktop/TCE/wg-language/language/g1_vowel_teams/02_y-fly/manifest.json')
  · 3. y — I Can Read Sentences
      created: I Can Read Sentences - y.pdf
      hygiene: 1 file(s) — OK
      (manifest publish-stage note: [Errno 2] No such file or directory: '/Users/anthonnymonterroso/Desktop/TCE/wg-language/language/g1_vowel_teams/03_y-candy/manifest.json')
  · 4. c — I Can Read Sentences
      created: I Can Read Sentences - c.pdf
      hygiene: 1 file(s) — OK
      (manifest publish-stage note: [Errno 2] No such file or directory: '/Users/anthonnymonterroso/Desktop/TCE/wg-language/language/g1_vowel_teams/04_c-space/manifest.json')
  · 5. g — I Can Read Sentences
      created: I Can Read Sentences - g.pdf
      hygiene: 1 file(s) — OK
      (manifest publish-stage note: [Errno 2] No such file or directory: '/Users/anthonnymonterroso/Desktop/TCE/wg-language/language/g1_vowel_teams/05_g-stage/manifest.json')
  · 6. ee — I Can Read Sentences
      created: I Can Read Sentences - ee.pdf
      hygiene: 1 file(s) — OK
      (manifest publish-stage note: [Errno 2] No such file or directory: '/Users/anthonnymonterroso/Desktop/TCE/wg-language/language/g1_vowel_teams/06_ee-bee/manifest.json')
  · 7. ea — I Can Read Sentences
      created: I Can Read Sentences - ea.pdf
      hygiene: 1 file(s) — OK
      (manifest publish-stage note: [Errno 2] No such file or directory: '/Users/anthonnymonterroso/Desktop/TCE/wg-language/language/g1_vowel_teams/07_ea-tea/manifest.json')
  · 8. ey — I Can Read Sentences
      created: I Can Read Sentences - ey.pdf
      hygiene: 1 file(s) — OK
      (manifest publish-stage note: [Errno 2] No such file or directory: '/Users/anthonnymonterroso/Desktop/TCE/wg-language/language/g1_vowel_teams/08_ey-key/manifest.json')
  · 9. ai — I Can Read Sentences
      created: I Can Read Sentences - ai.pdf
      hygiene: 1 file(s) — OK
      (manifest publish-stage note: [Errno 2] No such file or directory: '/Users/anthonnymonterroso/Desktop/TCE/wg-language/language/g1_vowel_teams/09_ai-rain/manifest.json')
  · 10. ay — I Can Read Sentences
      created: I Can Read Sentences - ay.pdf
      hygiene: 1 file(s) — OK
      (manifest publish-stage note: [Errno 2] No such file or directory: '/Users/anthonnymonterroso/Desktop/TCE/wg-language/language/g1_vowel_teams/10_ay-play/manifest.json')
  · 11. oa — I Can Read Sentences
      created: I Can Read Sentences - oa.pdf
      hygiene: 1 file(s) — OK
      (manifest publish-stage note: [Errno 2] No such file or directory: '/Users/anthonnymonterroso/Desktop/TCE/wg-language/language/g1_vowel_teams/11_oa-boat/manifest.json')
  · 12. oe — I Can Read Sentences
      created: I Can Read Sentences - oe.pdf
      hygiene: 1 file(s) — OK
      (manifest publish-stage note: [Errno 2] No such file or directory: '/Users/anthonnymonterroso/Desktop/TCE/wg-language/language/g1_vowel_teams/12_oe-toe/manifest.json')
  · 13. ow — I Can Read Sentences
      created: I Can Read Sentences - ow.pdf
      hygiene: 1 file(s) — OK
      (manifest publish-stage note: [Errno 2] No such file or directory: '/Users/anthonnymonterroso/Desktop/TCE/wg-language/language/g1_vowel_teams/13_ow-snow/manifest.json')
  · 14. ie — I Can Read Sentences
      created: I Can Read Sentences - ie.pdf
      hygiene: 1 file(s) — OK
      (manifest publish-stage note: [Errno 2] No such file or directory: '/Users/anthonnymonterroso/Desktop/TCE/wg-language/language/g1_vowel_teams/14_ie-pie/manifest.json')
  · 15. igh — I Can Read Sentences
      created: I Can Read Sentences - igh.pdf
      hygiene: 1 file(s) — OK
      (manifest publish-stage note: [Errno 2] No such file or directory: '/Users/anthonnymonterroso/Desktop/TCE/wg-language/language/g1_vowel_teams/15_igh-light/manifest.json')

PUBLISH complete: 15 topic(s), 15 combined PDF(s)
Publishing Grade 1 · R-Controlled Vowels & tch/dge → Generated Language Worksheets/Grade 1/R-Controlled Vowels & tch/dge
  · 1. tch — I Can Read Sentences
      created: I Can Read Sentences - tch.pdf
      hygiene: 1 file(s) — OK
      (manifest publish-stage note: [Errno 2] No such file or directory: '/Users/anthonnymonterroso/Desktop/TCE/wg-language/language/g1_rcontrolled/01_tch-catch/manifest.json')
  · 2. dge — I Can Read Sentences
      created: I Can Read Sentences - dge.pdf
      hygiene: 1 file(s) — OK
      (manifest publish-stage note: [Errno 2] No such file or directory: '/Users/anthonnymonterroso/Desktop/TCE/wg-language/language/g1_rcontrolled/02_dge-edge/manifest.json')
  · 3. ar — I Can Read Sentences
      created: I Can Read Sentences - ar.pdf
      hygiene: 1 file(s) — OK
      (manifest publish-stage note: [Errno 2] No such file or directory: '/Users/anthonnymonterroso/Desktop/TCE/wg-language/language/g1_rcontrolled/03_ar-arm/manifest.json')
  · 4. or — I Can Read Sentences
      created: I Can Read Sentences - or.pdf
      hygiene: 1 file(s) — OK
      (manifest publish-stage note: [Errno 2] No such file or directory: '/Users/anthonnymonterroso/Desktop/TCE/wg-language/language/g1_rcontrolled/04_or-fork/manifest.json')
  · 5. er — I Can Read Sentences
      created: I Can Read Sentences - er.pdf
      hygiene: 1 file(s) — OK
      (manifest publish-stage note: [Errno 2] No such file or directory: '/Users/anthonnymonterroso/Desktop/TCE/wg-language/language/g1_rcontrolled/05_er-hammer/manifest.json')
  · 6. ir — I Can Read Sentences
      created: I Can Read Sentences - ir.pdf
      hygiene: 1 file(s) — OK
      (manifest publish-stage note: [Errno 2] No such file or directory: '/Users/anthonnymonterroso/Desktop/TCE/wg-language/language/g1_rcontrolled/06_ir-bird/manifest.json')
  · 7. ur — I Can Read Sentences
      created: I Can Read Sentences - ur.pdf
      hygiene: 1 file(s) — OK
      (manifest publish-stage note: [Errno 2] No such file or directory: '/Users/anthonnymonterroso/Desktop/TCE/wg-language/language/g1_rcontrolled/07_ur-surf/manifest.json')

PUBLISH complete: 7 topic(s), 7 combined PDF(s)
Publishing Grade 1 · Diphthongs & oo → Generated Language Worksheets/Grade 1/Diphthongs & oo
  · 1. ou — I Can Read Sentences
      created: I Can Read Sentences - ou.pdf
      hygiene: 1 file(s) — OK
      (manifest publish-stage note: [Errno 2] No such file or directory: '/Users/anthonnymonterroso/Desktop/TCE/wg-language/language/g1_diphthongs/01_ou-house/manifest.json')
  · 2. ow — I Can Read Sentences
      created: I Can Read Sentences - ow.pdf
      hygiene: 1 file(s) — OK
      (manifest publish-stage note: [Errno 2] No such file or directory: '/Users/anthonnymonterroso/Desktop/TCE/wg-language/language/g1_diphthongs/02_ow-owl/manifest.json')
  · 3. oo — I Can Read Sentences
      created: I Can Read Sentences - oo.pdf
      hygiene: 1 file(s) — OK
      (manifest publish-stage note: [Errno 2] No such file or directory: '/Users/anthonnymonterroso/Desktop/TCE/wg-language/language/g1_diphthongs/03_oo-book/manifest.json')
  · 4. oo — I Can Read Sentences
      created: I Can Read Sentences - oo.pdf
      hygiene: 1 file(s) — OK
      (manifest publish-stage note: [Errno 2] No such file or directory: '/Users/anthonnymonterroso/Desktop/TCE/wg-language/language/g1_diphthongs/04_oo-moon/manifest.json')
  · 5. oi — I Can Read Sentences
      created: I Can Read Sentences - oi.pdf
      hygiene: 1 file(s) — OK
      (manifest publish-stage note: [Errno 2] No such file or directory: '/Users/anthonnymonterroso/Desktop/TCE/wg-language/language/g1_diphthongs/05_oi-coin/manifest.json')
  · 6. oy — I Can Read Sentences
      created: I Can Read Sentences - oy.pdf
      hygiene: 1 file(s) — OK
      (manifest publish-stage note: [Errno 2] No such file or directory: '/Users/anthonnymonterroso/Desktop/TCE/wg-language/language/g1_diphthongs/06_oy-toy/manifest.json')

PUBLISH complete: 6 topic(s), 6 combined PDF(s)
Publishing Grade 1 · Silent Letters → Generated Language Worksheets/Grade 1/Silent Letters
  · 1. kn — I Can Read Sentences
      created: I Can Read Sentences - kn.pdf
      hygiene: 1 file(s) — OK
      (manifest publish-stage note: [Errno 2] No such file or directory: '/Users/anthonnymonterroso/Desktop/TCE/wg-language/language/g1_silent_letters/01_kn-knee/manifest.json')
  · 2. wr — I Can Read Sentences
      created: I Can Read Sentences - wr.pdf
      hygiene: 1 file(s) — OK
      (manifest publish-stage note: [Errno 2] No such file or directory: '/Users/anthonnymonterroso/Desktop/TCE/wg-language/language/g1_silent_letters/02_wr-write/manifest.json')
  · 3. mb — I Can Read Sentences
      created: I Can Read Sentences - mb.pdf
      hygiene: 1 file(s) — OK
      (manifest publish-stage note: [Errno 2] No such file or directory: '/Users/anthonnymonterroso/Desktop/TCE/wg-language/language/g1_silent_letters/03_mb-comb/manifest.json')
  · 4. ph — I Can Read Sentences
      created: I Can Read Sentences - ph.pdf
      hygiene: 1 file(s) — OK
      (manifest publish-stage note: [Errno 2] No such file or directory: '/Users/anthonnymonterroso/Desktop/TCE/wg-language/language/g1_silent_letters/04_ph-photo/manifest.json')
  · 5. gh — I Can Read Sentences
      created: I Can Read Sentences - gh.pdf
      hygiene: 1 file(s) — OK
      (manifest publish-stage note: [Errno 2] No such file or directory: '/Users/anthonnymonterroso/Desktop/TCE/wg-language/language/g1_silent_letters/05_gh-laugh/manifest.json')

PUBLISH complete: 5 topic(s), 5 combined PDF(s)
Publishing Grade 2 · Silent Letters → Generated Language Worksheets/Grade 2/Silent Letters
  · 1. gn — I Can Read Sentences
      created: I Can Read Sentences - gn.pdf
      hygiene: 1 file(s) — OK
      (manifest publish-stage note: [Errno 2] No such file or directory: '/Users/anthonnymonterroso/Desktop/TCE/wg-language/language/g2_silent_letters/01_gn-sign/manifest.json')
  · 2. gh — I Can Read Sentences
      created: I Can Read Sentences - gh.pdf
      hygiene: 1 file(s) — OK
      (manifest publish-stage note: [Errno 2] No such file or directory: '/Users/anthonnymonterroso/Desktop/TCE/wg-language/language/g2_silent_letters/02_gh-ghost/manifest.json')

PUBLISH complete: 2 topic(s), 2 combined PDF(s)
Publishing Grade 2 · Tricky Vowel Spellings → Generated Language Worksheets/Grade 2/Tricky Vowel Spellings
  · 1. au — I Can Read Sentences
      created: I Can Read Sentences - au.pdf
      hygiene: 1 file(s) — OK
      (manifest publish-stage note: [Errno 2] No such file or directory: '/Users/anthonnymonterroso/Desktop/TCE/wg-language/language/g2_low_freq_vowels/01_au-pause/manifest.json')
  · 2. aw — I Can Read Sentences
      created: I Can Read Sentences - aw.pdf
      hygiene: 1 file(s) — OK
      (manifest publish-stage note: [Errno 2] No such file or directory: '/Users/anthonnymonterroso/Desktop/TCE/wg-language/language/g2_low_freq_vowels/02_aw-draw/manifest.json')
  · 3. al — I Can Read Sentences
      created: I Can Read Sentences - al.pdf
      hygiene: 1 file(s) — OK
      (manifest publish-stage note: [Errno 2] No such file or directory: '/Users/anthonnymonterroso/Desktop/TCE/wg-language/language/g2_low_freq_vowels/03_al-talk/manifest.json')
  · 4. augh — I Can Read Sentences
      created: I Can Read Sentences - augh.pdf
      hygiene: 1 file(s) — OK
      (manifest publish-stage note: [Errno 2] No such file or directory: '/Users/anthonnymonterroso/Desktop/TCE/wg-language/language/g2_low_freq_vowels/04_augh-taught/manifest.json')
  · 5. ew — I Can Read Sentences
      created: I Can Read Sentences - ew.pdf
      hygiene: 1 file(s) — OK
      (manifest publish-stage note: [Errno 2] No such file or directory: '/Users/anthonnymonterroso/Desktop/TCE/wg-language/language/g2_low_freq_vowels/05_ew-new/manifest.json')
  · 6. ui — I Can Read Sentences
      created: I Can Read Sentences - ui.pdf
      hygiene: 1 file(s) — OK
      (manifest publish-stage note: [Errno 2] No such file or directory: '/Users/anthonnymonterroso/Desktop/TCE/wg-language/language/g2_low_freq_vowels/06_ui-fruit/manifest.json')
  · 7. ue — I Can Read Sentences
      created: I Can Read Sentences - ue.pdf
      hygiene: 1 file(s) — OK
      (manifest publish-stage note: [Errno 2] No such file or directory: '/Users/anthonnymonterroso/Desktop/TCE/wg-language/language/g2_low_freq_vowels/07_ue-blue/manifest.json')

PUBLISH complete: 7 topic(s), 7 combined PDF(s)
Publishing Grade 2 · R-Controlled, ch=/k/ & Schwa → Generated Language Worksheets/Grade 2/R-Controlled, ch=/k/ & Schwa
  · 1. air — I Can Read Sentences
      created: I Can Read Sentences - air.pdf
      hygiene: 1 file(s) — OK
      (manifest publish-stage note: [Errno 2] No such file or directory: '/Users/anthonnymonterroso/Desktop/TCE/wg-language/language/g2_rcontrolled_and_more/01_air-hair/manifest.json')
  · 2. are — I Can Read Sentences
      created: I Can Read Sentences - are.pdf
      hygiene: 1 file(s) — OK
      (manifest publish-stage note: [Errno 2] No such file or directory: '/Users/anthonnymonterroso/Desktop/TCE/wg-language/language/g2_rcontrolled_and_more/02_are-square/manifest.json')
  · 3. ear — I Can Read Sentences
      created: I Can Read Sentences - ear.pdf
      hygiene: 1 file(s) — OK
      (manifest publish-stage note: [Errno 2] No such file or directory: '/Users/anthonnymonterroso/Desktop/TCE/wg-language/language/g2_rcontrolled_and_more/03_ear-bear/manifest.json')
  · 4. ei — I Can Read Sentences
      created: I Can Read Sentences - ei.pdf
      hygiene: 1 file(s) — OK
      (manifest publish-stage note: [Errno 2] No such file or directory: '/Users/anthonnymonterroso/Desktop/TCE/wg-language/language/g2_rcontrolled_and_more/04_ei-beige/manifest.json')
  · 5. ey — I Can Read Sentences
      created: I Can Read Sentences - ey.pdf
      hygiene: 1 file(s) — OK
      (manifest publish-stage note: [Errno 2] No such file or directory: '/Users/anthonnymonterroso/Desktop/TCE/wg-language/language/g2_rcontrolled_and_more/05_ey-they/manifest.json')
  · 6. eigh — I Can Read Sentences
      created: I Can Read Sentences - eigh.pdf
      hygiene: 1 file(s) — OK
      (manifest publish-stage note: [Errno 2] No such file or directory: '/Users/anthonnymonterroso/Desktop/TCE/wg-language/language/g2_rcontrolled_and_more/06_eigh-weigh/manifest.json')
  · 7. aigh — I Can Read Sentences
      created: I Can Read Sentences - aigh.pdf
      hygiene: 1 file(s) — OK
      (manifest publish-stage note: [Errno 2] No such file or directory: '/Users/anthonnymonterroso/Desktop/TCE/wg-language/language/g2_rcontrolled_and_more/07_aigh-straight/manifest.json')
  · 8. ea — I Can Read Sentences
      created: I Can Read Sentences - ea.pdf
      hygiene: 1 file(s) — OK
      (manifest publish-stage note: [Errno 2] No such file or directory: '/Users/anthonnymonterroso/Desktop/TCE/wg-language/language/g2_rcontrolled_and_more/08_ea-great/manifest.json')
  · 9. ch — I Can Read Sentences
      created: I Can Read Sentences - ch.pdf
      hygiene: 1 file(s) — OK
      (manifest publish-stage note: [Errno 2] No such file or directory: '/Users/anthonnymonterroso/Desktop/TCE/wg-language/language/g2_rcontrolled_and_more/09_ch-school/manifest.json')
  · 10. or — I Can Read Sentences
      created: I Can Read Sentences - or.pdf
      hygiene: 1 file(s) — OK
      (manifest publish-stage note: [Errno 2] No such file or directory: '/Users/anthonnymonterroso/Desktop/TCE/wg-language/language/g2_rcontrolled_and_more/10_or-doctor/manifest.json')
  · 11. ar — I Can Read Sentences
      created: I Can Read Sentences - ar.pdf
      hygiene: 1 file(s) — OK
      (manifest publish-stage note: [Errno 2] No such file or directory: '/Users/anthonnymonterroso/Desktop/TCE/wg-language/language/g2_rcontrolled_and_more/11_ar-dollar/manifest.json')
  · 12. ə — I Can Read Sentences
      created: I Can Read Sentences - schwa.pdf
      hygiene: 1 file(s) — OK
      (manifest publish-stage note: [Errno 2] No such file or directory: '/Users/anthonnymonterroso/Desktop/TCE/wg-language/language/g2_rcontrolled_and_more/12_schwa-balloon/manifest.json')

PUBLISH complete: 12 topic(s), 12 combined PDF(s)
Publishing Grade 3 · Suffixes → Generated Language Worksheets/Grade 3/Suffixes
  · 1. Adding -s (more than one)
      created: Word Building - s.pdf
      hygiene: 1 file(s) — OK
      (manifest publish-stage note: [Errno 2] No such file or directory: '/Users/anthonnymonterroso/Desktop/TCE/wg-language/language/g3_suffixes/01_s-cats/manifest.json')
  · 2. Adding -ing to Words
      created: Word Building - ing.pdf
      hygiene: 1 file(s) — OK
      (manifest publish-stage note: [Errno 2] No such file or directory: '/Users/anthonnymonterroso/Desktop/TCE/wg-language/language/g3_suffixes/02_ing-jumping/manifest.json')
  · 3. Adding -ed (already happened)
      created: Word Building - ed.pdf
      hygiene: 1 file(s) — OK
      (manifest publish-stage note: [Errno 2] No such file or directory: '/Users/anthonnymonterroso/Desktop/TCE/wg-language/language/g3_suffixes/03_ed-jumped/manifest.json')
  · 4. Adding -er (compare two)
      created: Word Building - er.pdf
      hygiene: 1 file(s) — OK
      (manifest publish-stage note: [Errno 2] No such file or directory: '/Users/anthonnymonterroso/Desktop/TCE/wg-language/language/g3_suffixes/04_er-faster/manifest.json')

PUBLISH complete: 4 topic(s), 4 combined PDF(s)
Publishing Grade 3 · Prefixes → Generated Language Worksheets/Grade 3/Prefixes
  · 1. Adding -ly (how something is done)
      created: Word Building - ly.pdf
      hygiene: 1 file(s) — OK
      (manifest publish-stage note: [Errno 2] No such file or directory: '/Users/anthonnymonterroso/Desktop/TCE/wg-language/language/g3_prefixes/01_ly-slowly/manifest.json')
  · 2. The prefix un- (not / opposite)
      created: Word Building - un.pdf
      hygiene: 1 file(s) — OK
      (manifest publish-stage note: [Errno 2] No such file or directory: '/Users/anthonnymonterroso/Desktop/TCE/wg-language/language/g3_prefixes/02_un-undo/manifest.json')
  · 3. The prefixes pre- and re-
      created: Word Building - pre.pdf
      hygiene: 1 file(s) — OK
      (manifest publish-stage note: [Errno 2] No such file or directory: '/Users/anthonnymonterroso/Desktop/TCE/wg-language/language/g3_prefixes/03_pre-preview/manifest.json')

PUBLISH complete: 3 topic(s), 3 combined PDF(s)
Publishing Grade 3 · Syllables & Word Parts → Generated Language Worksheets/Grade 3/Syllables & Word Parts
  · 1. Two-Syllable Words (syl)
      created: Word Building - closed-closed.pdf
      hygiene: 1 file(s) — OK
      (manifest publish-stage note: [Errno 2] No such file or directory: '/Users/anthonnymonterroso/Desktop/TCE/wg-language/language/g3_syllables_morphology/01_closed-closed-rabbit/manifest.json')
  · 2. Open Syllables (syl)
      created: Word Building - open-syllable.pdf
      hygiene: 1 file(s) — OK
      (manifest publish-stage note: [Errno 2] No such file or directory: '/Users/anthonnymonterroso/Desktop/TCE/wg-language/language/g3_syllables_morphology/02_open-syllable-robot/manifest.json')
  · 3. Compound Words (cmpd)
      created: Word Building - compound.pdf
      hygiene: 1 file(s) — OK
      (manifest publish-stage note: [Errno 2] No such file or directory: '/Users/anthonnymonterroso/Desktop/TCE/wg-language/language/g3_syllables_morphology/03_compound-sunset/manifest.json')
  · 4. Contractions (n't)
      created: Word Building - contraction.pdf
      hygiene: 1 file(s) — OK
      (manifest publish-stage note: [Errno 2] No such file or directory: '/Users/anthonnymonterroso/Desktop/TCE/wg-language/language/g3_syllables_morphology/04_contraction-can-t/manifest.json')

PUBLISH complete: 4 topic(s), 4 combined PDF(s)

PUBLISHED SUBJECTS: 14
