=== SUBJECT k_letter_sounds ===
  OK 01_a-apple (20/20)
  OK 02_t-turtle (20/20)
  OK 03_s-sock (20/20)
  OK 04_i-itchy (20/20)
  OK 05_p-pig (20/20)
  OK 06_m-mouse (20/20)
  OK 07_f-fan (20/20)
  OK 08_e-elephant (20/20)
  OK 09_d-dog (20/20)
  OK 10_n-nest (20/20)
  OK 11_o-octopus (20/20)
  OK 12_c-cat (20/20)
  OK 13_g-gift (20/20)
  OK 14_k-key (20/20)
  OK 15_b-bus (20/20)
  OK 16_h-horse (20/20)
  OK 17_r-run (20/20)
  OK 18_l-leaf (20/20)
  OK 19_u-umbrella (20/20)
  OK 20_v-violin (20/20)
  OK 21_w-wagon (20/20)
  OK 22_j-jar (20/20)
  OK 23_y-yellow (20/20)
  OK 24_x-fox (20/20)
  -> built 24, failed 0

SUMMARY:
  k_letter_sounds: +24 built, 0 failed
